[1.501s] Invoking command in '/home/hanimn/intro_robo_ws/src/Final_DefendAgentAttack/ws/build/defendagentattack': PYTHONPATH=/home/hanimn/intro_robo_ws/src/Final_DefendAgentAttack/ws/build/defendagentattack/prefix_override:/usr/lib/python3/dist-packages/colcon_core/task/python/colcon_distutils_commands:/home/hanimn/intro_robo_ws/src/Final_DefendAgentAttack/ws/install/defendagentattack/lib/python3.10/site-packages:${PYTHONPATH} /usr/bin/python3 -W ignore:setup.py install is deprecated -W ignore:easy_install command is deprecated setup.py develop --editable --build-directory /home/hanimn/intro_robo_ws/src/Final_DefendAgentAttack/ws/build/defendagentattack/build --no-deps symlink_data
[2.080s] running develop
[2.607s] running egg_info
[2.607s] creating defendagentattack.egg-info
[2.609s] writing defendagentattack.egg-info/PKG-INFO
[2.620s] writing dependency_links to defendagentattack.egg-info/dependency_links.txt
[2.624s] writing entry points to defendagentattack.egg-info/entry_points.txt
[2.627s] writing requirements to defendagentattack.egg-info/requires.txt
[2.631s] writing top-level names to defendagentattack.egg-info/top_level.txt
[2.639s] writing manifest file 'defendagentattack.egg-info/SOURCES.txt'
[2.648s] reading manifest file 'defendagentattack.egg-info/SOURCES.txt'
[2.651s] writing manifest file 'defendagentattack.egg-info/SOURCES.txt'
[2.656s] running build_ext
[2.657s] Creating /home/hanimn/intro_robo_ws/src/Final_DefendAgentAttack/ws/install/defendagentattack/lib/python3.10/site-packages/defendagentattack.egg-link (link to .)
[2.664s] Installing fight-now script to /home/hanimn/intro_robo_ws/src/Final_DefendAgentAttack/ws/install/defendagentattack/lib/DefendAgentAttack
[2.670s] Installing multi-agent script to /home/hanimn/intro_robo_ws/src/Final_DefendAgentAttack/ws/install/defendagentattack/lib/DefendAgentAttack
[2.675s] Installing reward-simulate script to /home/hanimn/intro_robo_ws/src/Final_DefendAgentAttack/ws/install/defendagentattack/lib/DefendAgentAttack
[2.680s] Installing rl-move script to /home/hanimn/intro_robo_ws/src/Final_DefendAgentAttack/ws/install/defendagentattack/lib/DefendAgentAttack
[2.685s] 
[2.685s] Installed /home/hanimn/intro_robo_ws/src/Final_DefendAgentAttack/ws/build/defendagentattack
[2.687s] running symlink_data
[2.687s] creating /home/hanimn/intro_robo_ws/src/Final_DefendAgentAttack/ws/install/defendagentattack/share/ament_index
[2.688s] creating /home/hanimn/intro_robo_ws/src/Final_DefendAgentAttack/ws/install/defendagentattack/share/ament_index/resource_index
[2.690s] creating /home/hanimn/intro_robo_ws/src/Final_DefendAgentAttack/ws/install/defendagentattack/share/ament_index/resource_index/packages
[2.693s] symbolically linking /home/hanimn/intro_robo_ws/src/Final_DefendAgentAttack/ws/build/defendagentattack/resource/defendagentattack -> /home/hanimn/intro_robo_ws/src/Final_DefendAgentAttack/ws/install/defendagentattack/share/ament_index/resource_index/packages
[2.695s] symbolically linking /home/hanimn/intro_robo_ws/src/Final_DefendAgentAttack/ws/build/defendagentattack/package.xml -> /home/hanimn/intro_robo_ws/src/Final_DefendAgentAttack/ws/install/defendagentattack/share/defendagentattack
[2.725s] Invoked command in '/home/hanimn/intro_robo_ws/src/Final_DefendAgentAttack/ws/build/defendagentattack' returned '0': PYTHONPATH=/home/hanimn/intro_robo_ws/src/Final_DefendAgentAttack/ws/build/defendagentattack/prefix_override:/usr/lib/python3/dist-packages/colcon_core/task/python/colcon_distutils_commands:/home/hanimn/intro_robo_ws/src/Final_DefendAgentAttack/ws/install/defendagentattack/lib/python3.10/site-packages:${PYTHONPATH} /usr/bin/python3 -W ignore:setup.py install is deprecated -W ignore:easy_install command is deprecated setup.py develop --editable --build-directory /home/hanimn/intro_robo_ws/src/Final_DefendAgentAttack/ws/build/defendagentattack/build --no-deps symlink_data
