-- The C compiler identification is GNU 11.4.0
-- The CXX compiler identification is GNU 11.4.0
-- Detecting C compiler ABI info
-- Detecting C compiler ABI info - done
-- Check for working C compiler: /usr/bin/cc - skipped
-- Detecting C compile features
-- Detecting C compile features - done
-- Detecting CXX compiler ABI info
-- Detecting CXX compiler ABI info - done
-- Check for working CXX compiler: /usr/bin/c++ - skipped
-- Detecting CXX compile features
-- Detecting CXX compile features - done
-- Found ament_cmake: 1.3.12 (/opt/ros/humble/share/ament_cmake/cmake)
-- Found Python3: /usr/bin/python3 (found version "3.10.12") found components: Interpreter 
-- Override CMake install command with custom implementation using symlinks instead of copying resources
-- Found ament_lint_auto: 0.12.14 (/opt/ros/humble/share/ament_lint_auto/cmake)
-- Added test 'lint_cmake' to check CMake code style
-- Added test 'xmllint' to check XML markup files
-- Configuring done
-- Generating done
-- Build files have been written to: /home/hanimn/intro_robo_ws/src/Final_DefendAgentAttack/ws/build/attackdefend_interfaces
-- Install configuration: ""
-- Execute custom install script
-- Symlinking: /home/hanimn/intro_robo_ws/src/Final_DefendAgentAttack/ws/install/attackdefend_interfaces/share/ament_index/resource_index/package_run_dependencies/attackdefend_interfaces
-- Symlinking: /home/hanimn/intro_robo_ws/src/Final_DefendAgentAttack/ws/install/attackdefend_interfaces/share/ament_index/resource_index/parent_prefix_path/attackdefend_interfaces
-- Symlinking: /home/hanimn/intro_robo_ws/src/Final_DefendAgentAttack/ws/install/attackdefend_interfaces/share/attackdefend_interfaces/environment/ament_prefix_path.sh
-- Symlinking: /home/hanimn/intro_robo_ws/src/Final_DefendAgentAttack/ws/install/attackdefend_interfaces/share/attackdefend_interfaces/environment/ament_prefix_path.dsv
-- Symlinking: /home/hanimn/intro_robo_ws/src/Final_DefendAgentAttack/ws/install/attackdefend_interfaces/share/attackdefend_interfaces/environment/path.sh
-- Symlinking: /home/hanimn/intro_robo_ws/src/Final_DefendAgentAttack/ws/install/attackdefend_interfaces/share/attackdefend_interfaces/environment/path.dsv
-- Symlinking: /home/hanimn/intro_robo_ws/src/Final_DefendAgentAttack/ws/install/attackdefend_interfaces/share/attackdefend_interfaces/local_setup.bash
-- Symlinking: /home/hanimn/intro_robo_ws/src/Final_DefendAgentAttack/ws/install/attackdefend_interfaces/share/attackdefend_interfaces/local_setup.sh
-- Symlinking: /home/hanimn/intro_robo_ws/src/Final_DefendAgentAttack/ws/install/attackdefend_interfaces/share/attackdefend_interfaces/local_setup.zsh
-- Symlinking: /home/hanimn/intro_robo_ws/src/Final_DefendAgentAttack/ws/install/attackdefend_interfaces/share/attackdefend_interfaces/local_setup.dsv
-- Symlinking: /home/hanimn/intro_robo_ws/src/Final_DefendAgentAttack/ws/install/attackdefend_interfaces/share/attackdefend_interfaces/package.dsv
-- Symlinking: /home/hanimn/intro_robo_ws/src/Final_DefendAgentAttack/ws/install/attackdefend_interfaces/share/ament_index/resource_index/packages/attackdefend_interfaces
-- Symlinking: /home/hanimn/intro_robo_ws/src/Final_DefendAgentAttack/ws/install/attackdefend_interfaces/share/attackdefend_interfaces/cmake/attackdefend_interfacesConfig.cmake
-- Symlinking: /home/hanimn/intro_robo_ws/src/Final_DefendAgentAttack/ws/install/attackdefend_interfaces/share/attackdefend_interfaces/cmake/attackdefend_interfacesConfig-version.cmake
-- Symlinking: /home/hanimn/intro_robo_ws/src/Final_DefendAgentAttack/ws/install/attackdefend_interfaces/share/attackdefend_interfaces/package.xml
