[0.190s] DEBUG:colcon:Command line arguments: ['/usr/bin/colcon', 'build', '--symlink-install']
[0.190s] DEBUG:colcon:Parsed command line arguments: Namespace(log_base=None, log_level=None, verb_name='build', build_base='build', install_base='install', merge_install=False, symlink_install=True, test_result_base=None, continue_on_error=False, executor='parallel', parallel_workers=4, event_handlers=None, ignore_user_meta=False, metas=['./colcon.meta'], base_paths=['.'], packages_ignore=None, packages_ignore_regex=None, paths=None, packages_up_to=None, packages_up_to_regex=None, packages_above=None, packages_above_and_dependencies=None, packages_above_depth=None, packages_select_by_dep=None, packages_skip_by_dep=None, packages_skip_up_to=None, packages_select_build_failed=False, packages_skip_build_finished=False, packages_select_test_failures=False, packages_skip_test_passed=False, packages_select=None, packages_skip=None, packages_select_regex=None, packages_skip_regex=None, packages_start=None, packages_end=None, allow_overriding=[], cmake_args=None, cmake_target=None, cmake_target_skip_unavailable=False, cmake_clean_cache=False, cmake_clean_first=False, cmake_force_configure=False, ament_cmake_args=None, catkin_cmake_args=None, catkin_skip_building_tests=False, verb_parser=<colcon_defaults.argument_parser.defaults.DefaultArgumentsDecorator object at 0x734dce0a77f0>, verb_extension=<colcon_core.verb.build.BuildVerb object at 0x734dce1d1300>, main=<bound method BuildVerb.main of <colcon_core.verb.build.BuildVerb object at 0x734dce1d1300>>)
[0.618s] Level 1:colcon.colcon_core.package_discovery:discover_packages(colcon_meta) check parameters
[0.618s] Level 1:colcon.colcon_core.package_discovery:discover_packages(recursive) check parameters
[0.618s] Level 1:colcon.colcon_core.package_discovery:discover_packages(ignore) check parameters
[0.619s] Level 1:colcon.colcon_core.package_discovery:discover_packages(path) check parameters
[0.619s] Level 1:colcon.colcon_core.package_discovery:discover_packages(colcon_meta) discover
[0.619s] Level 1:colcon.colcon_core.package_discovery:discover_packages(recursive) discover
[0.619s] INFO:colcon.colcon_core.package_discovery:Crawling recursively for packages in '/home/hanimn/intro_robo_ws/src/Final_DefendAgentAttack/ws'
[0.620s] Level 1:colcon.colcon_core.package_identification:_identify(.) by extensions ['ignore', 'ignore_ament_install']
[0.620s] Level 1:colcon.colcon_core.package_identification:_identify(.) by extension 'ignore'
[0.620s] Level 1:colcon.colcon_core.package_identification:_identify(.) by extension 'ignore_ament_install'
[0.620s] Level 1:colcon.colcon_core.package_identification:_identify(.) by extensions ['colcon_pkg']
[0.620s] Level 1:colcon.colcon_core.package_identification:_identify(.) by extension 'colcon_pkg'
[0.620s] Level 1:colcon.colcon_core.package_identification:_identify(.) by extensions ['colcon_meta']
[0.620s] Level 1:colcon.colcon_core.package_identification:_identify(.) by extension 'colcon_meta'
[0.620s] Level 1:colcon.colcon_core.package_identification:_identify(.) by extensions ['ros']
[0.620s] Level 1:colcon.colcon_core.package_identification:_identify(.) by extension 'ros'
[0.642s] Level 1:colcon.colcon_core.package_identification:_identify(.) by extensions ['cmake', 'python']
[0.642s] Level 1:colcon.colcon_core.package_identification:_identify(.) by extension 'cmake'
[0.642s] Level 1:colcon.colcon_core.package_identification:_identify(.) by extension 'python'
[0.642s] Level 1:colcon.colcon_core.package_identification:_identify(.) by extensions ['python_setup_py']
[0.642s] Level 1:colcon.colcon_core.package_identification:_identify(.) by extension 'python_setup_py'
[0.643s] Level 1:colcon.colcon_core.package_identification:_identify(build) by extensions ['ignore', 'ignore_ament_install']
[0.643s] Level 1:colcon.colcon_core.package_identification:_identify(build) by extension 'ignore'
[0.643s] Level 1:colcon.colcon_core.package_identification:_identify(build) ignored
[0.644s] Level 1:colcon.colcon_core.package_identification:_identify(install) by extensions ['ignore', 'ignore_ament_install']
[0.644s] Level 1:colcon.colcon_core.package_identification:_identify(install) by extension 'ignore'
[0.644s] Level 1:colcon.colcon_core.package_identification:_identify(install) ignored
[0.645s] Level 1:colcon.colcon_core.package_identification:_identify(log) by extensions ['ignore', 'ignore_ament_install']
[0.645s] Level 1:colcon.colcon_core.package_identification:_identify(log) by extension 'ignore'
[0.645s] Level 1:colcon.colcon_core.package_identification:_identify(log) ignored
[0.645s] Level 1:colcon.colcon_core.package_identification:_identify(src) by extensions ['ignore', 'ignore_ament_install']
[0.646s] Level 1:colcon.colcon_core.package_identification:_identify(src) by extension 'ignore'
[0.646s] Level 1:colcon.colcon_core.package_identification:_identify(src) by extension 'ignore_ament_install'
[0.646s] Level 1:colcon.colcon_core.package_identification:_identify(src) by extensions ['colcon_pkg']
[0.646s] Level 1:colcon.colcon_core.package_identification:_identify(src) by extension 'colcon_pkg'
[0.646s] Level 1:colcon.colcon_core.package_identification:_identify(src) by extensions ['colcon_meta']
[0.646s] Level 1:colcon.colcon_core.package_identification:_identify(src) by extension 'colcon_meta'
[0.646s] Level 1:colcon.colcon_core.package_identification:_identify(src) by extensions ['ros']
[0.646s] Level 1:colcon.colcon_core.package_identification:_identify(src) by extension 'ros'
[0.646s] Level 1:colcon.colcon_core.package_identification:_identify(src) by extensions ['cmake', 'python']
[0.646s] Level 1:colcon.colcon_core.package_identification:_identify(src) by extension 'cmake'
[0.646s] Level 1:colcon.colcon_core.package_identification:_identify(src) by extension 'python'
[0.646s] Level 1:colcon.colcon_core.package_identification:_identify(src) by extensions ['python_setup_py']
[0.646s] Level 1:colcon.colcon_core.package_identification:_identify(src) by extension 'python_setup_py'
[0.646s] Level 1:colcon.colcon_core.package_identification:_identify(src/attackdefend_interfaces) by extensions ['ignore', 'ignore_ament_install']
[0.646s] Level 1:colcon.colcon_core.package_identification:_identify(src/attackdefend_interfaces) by extension 'ignore'
[0.646s] Level 1:colcon.colcon_core.package_identification:_identify(src/attackdefend_interfaces) by extension 'ignore_ament_install'
[0.647s] Level 1:colcon.colcon_core.package_identification:_identify(src/attackdefend_interfaces) by extensions ['colcon_pkg']
[0.647s] Level 1:colcon.colcon_core.package_identification:_identify(src/attackdefend_interfaces) by extension 'colcon_pkg'
[0.647s] Level 1:colcon.colcon_core.package_identification:_identify(src/attackdefend_interfaces) by extensions ['colcon_meta']
[0.647s] Level 1:colcon.colcon_core.package_identification:_identify(src/attackdefend_interfaces) by extension 'colcon_meta'
[0.647s] Level 1:colcon.colcon_core.package_identification:_identify(src/attackdefend_interfaces) by extensions ['ros']
[0.647s] Level 1:colcon.colcon_core.package_identification:_identify(src/attackdefend_interfaces) by extension 'ros'
[0.649s] DEBUG:colcon.colcon_core.package_identification:Package 'src/attackdefend_interfaces' with type 'ros.ament_cmake' and name 'attackdefend_interfaces'
[0.649s] Level 1:colcon.colcon_core.package_identification:_identify(src/defendagentattack) by extensions ['ignore', 'ignore_ament_install']
[0.649s] Level 1:colcon.colcon_core.package_identification:_identify(src/defendagentattack) by extension 'ignore'
[0.649s] Level 1:colcon.colcon_core.package_identification:_identify(src/defendagentattack) by extension 'ignore_ament_install'
[0.649s] Level 1:colcon.colcon_core.package_identification:_identify(src/defendagentattack) by extensions ['colcon_pkg']
[0.649s] Level 1:colcon.colcon_core.package_identification:_identify(src/defendagentattack) by extension 'colcon_pkg'
[0.649s] Level 1:colcon.colcon_core.package_identification:_identify(src/defendagentattack) by extensions ['colcon_meta']
[0.649s] Level 1:colcon.colcon_core.package_identification:_identify(src/defendagentattack) by extension 'colcon_meta'
[0.649s] Level 1:colcon.colcon_core.package_identification:_identify(src/defendagentattack) by extensions ['ros']
[0.650s] Level 1:colcon.colcon_core.package_identification:_identify(src/defendagentattack) by extension 'ros'
[0.650s] DEBUG:colcon.colcon_core.package_identification:Package 'src/defendagentattack' with type 'ros.ament_python' and name 'defendagentattack'
[0.650s] Level 1:colcon.colcon_core.package_discovery:discover_packages(recursive) using defaults
[0.650s] Level 1:colcon.colcon_core.package_discovery:discover_packages(ignore) discover
[0.650s] Level 1:colcon.colcon_core.package_discovery:discover_packages(ignore) using defaults
[0.650s] Level 1:colcon.colcon_core.package_discovery:discover_packages(path) discover
[0.650s] Level 1:colcon.colcon_core.package_discovery:discover_packages(path) using defaults
[0.673s] Level 1:colcon.colcon_core.package_discovery:discover_packages(prefix_path) check parameters
[0.673s] Level 1:colcon.colcon_core.package_discovery:discover_packages(prefix_path) discover
[0.674s] WARNING:colcon.colcon_core.prefix_path.colcon:The path '/home/hanimn/intro_robo_ws/src/Final_DefendAgentAttack/defendagentattack/install' in the environment variable COLCON_PREFIX_PATH doesn't exist
[0.674s] WARNING:colcon.colcon_core.prefix_path.colcon:The path '/home/hanimn/intro_robo_ws/src/Final/install' in the environment variable COLCON_PREFIX_PATH doesn't exist
[0.674s] WARNING:colcon.colcon_ros.prefix_path.ament:The path '/home/hanimn/intro_robo_ws/src/Final_DefendAgentAttack/ws/install/defendagentattack' in the environment variable AMENT_PREFIX_PATH doesn't exist
[0.675s] WARNING:colcon.colcon_ros.prefix_path.ament:The path '/home/hanimn/intro_robo_ws/src/Final_DefendAgentAttack/ws/install/attackdefend_interfaces' in the environment variable AMENT_PREFIX_PATH doesn't exist
[0.675s] WARNING:colcon.colcon_ros.prefix_path.ament:The path '/home/hanimn/intro_robo_ws/src/Final_DefendAgentAttack/defendagentattack/install/defendagentattack' in the environment variable AMENT_PREFIX_PATH doesn't exist
[0.678s] WARNING:colcon.colcon_ros.prefix_path.ament:The path '/home/hanimn/intro_robo_ws/src/Final/install/my_classifier' in the environment variable AMENT_PREFIX_PATH doesn't exist
[0.702s] WARNING:colcon.colcon_ros.prefix_path.ament:The path '/home/hanimn/intro_robo_ws/install/DefendAgentAttack' in the environment variable AMENT_PREFIX_PATH doesn't exist
[0.702s] WARNING:colcon.colcon_ros.prefix_path.catkin:The path '/home/hanimn/intro_robo_ws/src/Final_DefendAgentAttack/ws/install/attackdefend_interfaces' in the environment variable CMAKE_PREFIX_PATH doesn't exist
[0.706s] DEBUG:colcon.colcon_installed_package_information.package_discovery:Found 0 installed packages in /home/hanimn/intro_robo_ws/src/Final_DefendAgentAttack/ws/install
[0.711s] DEBUG:colcon.colcon_installed_package_information.package_discovery:Found 2 installed packages in /home/hanimn/intro_robo_ws/src/Final_DefendAgentAttack/install
[0.736s] DEBUG:colcon.colcon_installed_package_information.package_discovery:Found 21 installed packages in /home/hanimn/intro_robo_ws/install
[0.761s] DEBUG:colcon.colcon_installed_package_information.package_discovery:Found 21 installed packages in /home/hanimn/intro_robo_ws/src/install
[0.765s] DEBUG:colcon.colcon_installed_package_information.package_discovery:Found 452 installed packages in /opt/ros/humble
[0.766s] Level 1:colcon.colcon_core.package_discovery:discover_packages(prefix_path) using defaults
[0.925s] Level 5:colcon.colcon_core.verb:set package 'attackdefend_interfaces' build argument 'cmake_args' from command line to 'None'
[0.925s] Level 5:colcon.colcon_core.verb:set package 'attackdefend_interfaces' build argument 'cmake_target' from command line to 'None'
[0.925s] Level 5:colcon.colcon_core.verb:set package 'attackdefend_interfaces' build argument 'cmake_target_skip_unavailable' from command line to 'False'
[0.925s] Level 5:colcon.colcon_core.verb:set package 'attackdefend_interfaces' build argument 'cmake_clean_cache' from command line to 'False'
[0.925s] Level 5:colcon.colcon_core.verb:set package 'attackdefend_interfaces' build argument 'cmake_clean_first' from command line to 'False'
[0.925s] Level 5:colcon.colcon_core.verb:set package 'attackdefend_interfaces' build argument 'cmake_force_configure' from command line to 'False'
[0.925s] Level 5:colcon.colcon_core.verb:set package 'attackdefend_interfaces' build argument 'ament_cmake_args' from command line to 'None'
[0.925s] Level 5:colcon.colcon_core.verb:set package 'attackdefend_interfaces' build argument 'catkin_cmake_args' from command line to 'None'
[0.925s] Level 5:colcon.colcon_core.verb:set package 'attackdefend_interfaces' build argument 'catkin_skip_building_tests' from command line to 'False'
[0.925s] DEBUG:colcon.colcon_core.verb:Building package 'attackdefend_interfaces' with the following arguments: {'ament_cmake_args': None, 'build_base': '/home/hanimn/intro_robo_ws/src/Final_DefendAgentAttack/ws/build/attackdefend_interfaces', 'catkin_cmake_args': None, 'catkin_skip_building_tests': False, 'cmake_args': None, 'cmake_clean_cache': False, 'cmake_clean_first': False, 'cmake_force_configure': False, 'cmake_target': None, 'cmake_target_skip_unavailable': False, 'install_base': '/home/hanimn/intro_robo_ws/src/Final_DefendAgentAttack/ws/install/attackdefend_interfaces', 'merge_install': False, 'path': '/home/hanimn/intro_robo_ws/src/Final_DefendAgentAttack/ws/src/attackdefend_interfaces', 'symlink_install': True, 'test_result_base': None}
[0.925s] Level 5:colcon.colcon_core.verb:set package 'defendagentattack' build argument 'cmake_args' from command line to 'None'
[0.925s] Level 5:colcon.colcon_core.verb:set package 'defendagentattack' build argument 'cmake_target' from command line to 'None'
[0.925s] Level 5:colcon.colcon_core.verb:set package 'defendagentattack' build argument 'cmake_target_skip_unavailable' from command line to 'False'
[0.925s] Level 5:colcon.colcon_core.verb:set package 'defendagentattack' build argument 'cmake_clean_cache' from command line to 'False'
[0.925s] Level 5:colcon.colcon_core.verb:set package 'defendagentattack' build argument 'cmake_clean_first' from command line to 'False'
[0.925s] Level 5:colcon.colcon_core.verb:set package 'defendagentattack' build argument 'cmake_force_configure' from command line to 'False'
[0.925s] Level 5:colcon.colcon_core.verb:set package 'defendagentattack' build argument 'ament_cmake_args' from command line to 'None'
[0.925s] Level 5:colcon.colcon_core.verb:set package 'defendagentattack' build argument 'catkin_cmake_args' from command line to 'None'
[0.925s] Level 5:colcon.colcon_core.verb:set package 'defendagentattack' build argument 'catkin_skip_building_tests' from command line to 'False'
[0.925s] DEBUG:colcon.colcon_core.verb:Building package 'defendagentattack' with the following arguments: {'ament_cmake_args': None, 'build_base': '/home/hanimn/intro_robo_ws/src/Final_DefendAgentAttack/ws/build/defendagentattack', 'catkin_cmake_args': None, 'catkin_skip_building_tests': False, 'cmake_args': None, 'cmake_clean_cache': False, 'cmake_clean_first': False, 'cmake_force_configure': False, 'cmake_target': None, 'cmake_target_skip_unavailable': False, 'install_base': '/home/hanimn/intro_robo_ws/src/Final_DefendAgentAttack/ws/install/defendagentattack', 'merge_install': False, 'path': '/home/hanimn/intro_robo_ws/src/Final_DefendAgentAttack/ws/src/defendagentattack', 'symlink_install': True, 'test_result_base': None}
[0.925s] INFO:colcon.colcon_core.executor:Executing jobs using 'parallel' executor
[0.926s] DEBUG:colcon.colcon_parallel_executor.executor.parallel:run_until_complete
[0.926s] INFO:colcon.colcon_ros.task.ament_cmake.build:Building ROS package in '/home/hanimn/intro_robo_ws/src/Final_DefendAgentAttack/ws/src/attackdefend_interfaces' with build type 'ament_cmake'
[0.926s] INFO:colcon.colcon_cmake.task.cmake.build:Building CMake package in '/home/hanimn/intro_robo_ws/src/Final_DefendAgentAttack/ws/src/attackdefend_interfaces'
[0.929s] INFO:colcon.colcon_core.plugin_system:Skipping extension 'colcon_core.shell.bat': Not used on non-Windows systems
[0.929s] INFO:colcon.colcon_core.shell:Skip shell extension 'powershell' for command environment: Not usable outside of PowerShell
[0.929s] DEBUG:colcon.colcon_core.shell:Skip shell extension 'dsv' for command environment
[0.965s] INFO:colcon.colcon_ros.task.ament_python.build:Building ROS package in '/home/hanimn/intro_robo_ws/src/Final_DefendAgentAttack/ws/src/defendagentattack' with build type 'ament_python'
[0.965s] Level 1:colcon.colcon_core.shell:create_environment_hook('defendagentattack', 'ament_prefix_path')
[0.965s] INFO:colcon.colcon_core.shell:Creating environment hook '/home/hanimn/intro_robo_ws/src/Final_DefendAgentAttack/ws/install/defendagentattack/share/defendagentattack/hook/ament_prefix_path.ps1'
[0.978s] INFO:colcon.colcon_core.shell:Creating environment descriptor '/home/hanimn/intro_robo_ws/src/Final_DefendAgentAttack/ws/install/defendagentattack/share/defendagentattack/hook/ament_prefix_path.dsv'
[0.982s] INFO:colcon.colcon_core.shell:Creating environment hook '/home/hanimn/intro_robo_ws/src/Final_DefendAgentAttack/ws/install/defendagentattack/share/defendagentattack/hook/ament_prefix_path.sh'
[0.986s] INFO:colcon.colcon_core.shell:Skip shell extension 'powershell' for command environment: Not usable outside of PowerShell
[0.987s] DEBUG:colcon.colcon_core.shell:Skip shell extension 'dsv' for command environment
[1.056s] DEBUG:colcon.colcon_core.event_handler.log_command:Invoking command in '/home/hanimn/intro_robo_ws/src/Final_DefendAgentAttack/ws/build/attackdefend_interfaces': CMAKE_PREFIX_PATH=${CMAKE_PREFIX_PATH}:/home/hanimn/intro_robo_ws/src/Final_DefendAgentAttack/ws/install/defendagentattack:/home/hanimn/intro_robo_ws/src/Final_DefendAgentAttack/defendagentattack/install/defendagentattack:/home/hanimn/intro_robo_ws/src/Final_DefendAgentAttack/install/defendagentattack:/home/hanimn/intro_robo_ws/src/Final/install/my_classifier:/home/hanimn/intro_robo_ws/src/install/warmup_project:/home/hanimn/intro_robo_ws/src/install/q_learning_project:/home/hanimn/intro_robo_ws/src/install/particle_filter_project:/home/hanimn/intro_robo_ws/src/install/my_classifier:/home/hanimn/intro_robo_ws/src/install/lab_f_image_classifier:/home/hanimn/intro_robo_ws/src/install/lab_e_traffic_bot:/home/hanimn/intro_robo_ws/src/install/lab_b_line_follower:/home/hanimn/intro_robo_ws/src/install/lab_a_stop_at_wall:/home/hanimn/intro_robo_ws/src/install/lab_a_spin_circles:/home/hanimn/intro_robo_ws/src/install/first_ros2_nodes:/home/hanimn/intro_robo_ws/src/install/defendagentattack:/home/hanimn/intro_robo_ws/install/my_classifier:/home/hanimn/intro_robo_ws/install/defendagentattack:/home/hanimn/intro_robo_ws/install/warmup_project:/home/hanimn/intro_robo_ws/install/q_learning_project:/home/hanimn/intro_robo_ws/install/particle_filter_project:/home/hanimn/intro_robo_ws/install/lab_f_image_classifier:/home/hanimn/intro_robo_ws/install/lab_e_traffic_bot:/home/hanimn/intro_robo_ws/install/lab_b_line_follower:/home/hanimn/intro_robo_ws/install/lab_a_stop_at_wall:/home/hanimn/intro_robo_ws/install/lab_a_spin_circles:/home/hanimn/intro_robo_ws/install/first_ros2_nodes:/home/hanimn/intro_robo_ws/install/DefendAgentAttack:/opt/ros/humble /usr/bin/cmake /home/hanimn/intro_robo_ws/src/Final_DefendAgentAttack/ws/src/attackdefend_interfaces -DAMENT_CMAKE_SYMLINK_INSTALL=1 -DCMAKE_INSTALL_PREFIX=/home/hanimn/intro_robo_ws/src/Final_DefendAgentAttack/ws/install/attackdefend_interfaces
[1.629s] INFO:colcon.colcon_core.task.python.build:Building Python package in '/home/hanimn/intro_robo_ws/src/Final_DefendAgentAttack/ws/src/defendagentattack'
[1.629s] INFO:colcon.colcon_core.shell:Skip shell extension 'powershell' for command environment: Not usable outside of PowerShell
[1.629s] DEBUG:colcon.colcon_core.shell:Skip shell extension 'dsv' for command environment
[2.467s] DEBUG:colcon.colcon_core.event_handler.log_command:Invoking command in '/home/hanimn/intro_robo_ws/src/Final_DefendAgentAttack/ws/build/defendagentattack': PYTHONPATH=/home/hanimn/intro_robo_ws/src/Final_DefendAgentAttack/ws/build/defendagentattack/prefix_override:/usr/lib/python3/dist-packages/colcon_core/task/python/colcon_distutils_commands:/home/hanimn/intro_robo_ws/src/Final_DefendAgentAttack/ws/install/defendagentattack/lib/python3.10/site-packages:${PYTHONPATH} /usr/bin/python3 -W ignore:setup.py install is deprecated -W ignore:easy_install command is deprecated setup.py develop --editable --build-directory /home/hanimn/intro_robo_ws/src/Final_DefendAgentAttack/ws/build/defendagentattack/build --no-deps symlink_data
[3.690s] Level 1:colcon.colcon_core.shell:create_environment_hook('defendagentattack', 'pythonpath_develop')
[3.691s] INFO:colcon.colcon_core.shell:Creating environment hook '/home/hanimn/intro_robo_ws/src/Final_DefendAgentAttack/ws/build/defendagentattack/share/defendagentattack/hook/pythonpath_develop.ps1'
[3.691s] DEBUG:colcon.colcon_core.event_handler.log_command:Invoked command in '/home/hanimn/intro_robo_ws/src/Final_DefendAgentAttack/ws/build/defendagentattack' returned '0': PYTHONPATH=/home/hanimn/intro_robo_ws/src/Final_DefendAgentAttack/ws/build/defendagentattack/prefix_override:/usr/lib/python3/dist-packages/colcon_core/task/python/colcon_distutils_commands:/home/hanimn/intro_robo_ws/src/Final_DefendAgentAttack/ws/install/defendagentattack/lib/python3.10/site-packages:${PYTHONPATH} /usr/bin/python3 -W ignore:setup.py install is deprecated -W ignore:easy_install command is deprecated setup.py develop --editable --build-directory /home/hanimn/intro_robo_ws/src/Final_DefendAgentAttack/ws/build/defendagentattack/build --no-deps symlink_data
[3.701s] INFO:colcon.colcon_core.shell:Creating environment descriptor '/home/hanimn/intro_robo_ws/src/Final_DefendAgentAttack/ws/build/defendagentattack/share/defendagentattack/hook/pythonpath_develop.dsv'
[3.707s] INFO:colcon.colcon_core.shell:Creating environment hook '/home/hanimn/intro_robo_ws/src/Final_DefendAgentAttack/ws/build/defendagentattack/share/defendagentattack/hook/pythonpath_develop.sh'
[3.715s] Level 1:colcon.colcon_core.environment:checking '/home/hanimn/intro_robo_ws/src/Final_DefendAgentAttack/ws/install/defendagentattack' for CMake module files
[3.719s] Level 1:colcon.colcon_core.environment:checking '/home/hanimn/intro_robo_ws/src/Final_DefendAgentAttack/ws/install/defendagentattack' for CMake config files
[3.728s] Level 1:colcon.colcon_core.environment:checking '/home/hanimn/intro_robo_ws/src/Final_DefendAgentAttack/ws/install/defendagentattack/lib'
[3.728s] Level 1:colcon.colcon_core.environment:checking '/home/hanimn/intro_robo_ws/src/Final_DefendAgentAttack/ws/install/defendagentattack/bin'
[3.728s] Level 1:colcon.colcon_core.environment:checking '/home/hanimn/intro_robo_ws/src/Final_DefendAgentAttack/ws/install/defendagentattack/lib/pkgconfig/defendagentattack.pc'
[3.729s] Level 1:colcon.colcon_core.environment:checking '/home/hanimn/intro_robo_ws/src/Final_DefendAgentAttack/ws/install/defendagentattack/lib/python3.10/site-packages'
[3.729s] Level 1:colcon.colcon_core.shell:create_environment_hook('defendagentattack', 'pythonpath')
[3.729s] INFO:colcon.colcon_core.shell:Creating environment hook '/home/hanimn/intro_robo_ws/src/Final_DefendAgentAttack/ws/install/defendagentattack/share/defendagentattack/hook/pythonpath.ps1'
[3.734s] INFO:colcon.colcon_core.shell:Creating environment descriptor '/home/hanimn/intro_robo_ws/src/Final_DefendAgentAttack/ws/install/defendagentattack/share/defendagentattack/hook/pythonpath.dsv'
[3.738s] INFO:colcon.colcon_core.shell:Creating environment hook '/home/hanimn/intro_robo_ws/src/Final_DefendAgentAttack/ws/install/defendagentattack/share/defendagentattack/hook/pythonpath.sh'
[3.742s] Level 1:colcon.colcon_core.environment:checking '/home/hanimn/intro_robo_ws/src/Final_DefendAgentAttack/ws/install/defendagentattack/bin'
[3.743s] Level 1:colcon.colcon_core.environment:create_environment_scripts_only(defendagentattack)
[3.743s] INFO:colcon.colcon_core.shell:Creating package script '/home/hanimn/intro_robo_ws/src/Final_DefendAgentAttack/ws/install/defendagentattack/share/defendagentattack/package.ps1'
[3.747s] INFO:colcon.colcon_core.shell:Creating package descriptor '/home/hanimn/intro_robo_ws/src/Final_DefendAgentAttack/ws/install/defendagentattack/share/defendagentattack/package.dsv'
[3.752s] INFO:colcon.colcon_core.shell:Creating package script '/home/hanimn/intro_robo_ws/src/Final_DefendAgentAttack/ws/install/defendagentattack/share/defendagentattack/package.sh'
[3.757s] INFO:colcon.colcon_core.shell:Creating package script '/home/hanimn/intro_robo_ws/src/Final_DefendAgentAttack/ws/install/defendagentattack/share/defendagentattack/package.bash'
[3.761s] INFO:colcon.colcon_core.shell:Creating package script '/home/hanimn/intro_robo_ws/src/Final_DefendAgentAttack/ws/install/defendagentattack/share/defendagentattack/package.zsh'
[3.766s] Level 1:colcon.colcon_core.environment:create_file_with_runtime_dependencies(/home/hanimn/intro_robo_ws/src/Final_DefendAgentAttack/ws/install/defendagentattack/share/colcon-core/packages/defendagentattack)
[7.230s] DEBUG:colcon.colcon_core.event_handler.log_command:Invoked command in '/home/hanimn/intro_robo_ws/src/Final_DefendAgentAttack/ws/build/attackdefend_interfaces' returned '0': CMAKE_PREFIX_PATH=${CMAKE_PREFIX_PATH}:/home/hanimn/intro_robo_ws/src/Final_DefendAgentAttack/ws/install/defendagentattack:/home/hanimn/intro_robo_ws/src/Final_DefendAgentAttack/defendagentattack/install/defendagentattack:/home/hanimn/intro_robo_ws/src/Final_DefendAgentAttack/install/defendagentattack:/home/hanimn/intro_robo_ws/src/Final/install/my_classifier:/home/hanimn/intro_robo_ws/src/install/warmup_project:/home/hanimn/intro_robo_ws/src/install/q_learning_project:/home/hanimn/intro_robo_ws/src/install/particle_filter_project:/home/hanimn/intro_robo_ws/src/install/my_classifier:/home/hanimn/intro_robo_ws/src/install/lab_f_image_classifier:/home/hanimn/intro_robo_ws/src/install/lab_e_traffic_bot:/home/hanimn/intro_robo_ws/src/install/lab_b_line_follower:/home/hanimn/intro_robo_ws/src/install/lab_a_stop_at_wall:/home/hanimn/intro_robo_ws/src/install/lab_a_spin_circles:/home/hanimn/intro_robo_ws/src/install/first_ros2_nodes:/home/hanimn/intro_robo_ws/src/install/defendagentattack:/home/hanimn/intro_robo_ws/install/my_classifier:/home/hanimn/intro_robo_ws/install/defendagentattack:/home/hanimn/intro_robo_ws/install/warmup_project:/home/hanimn/intro_robo_ws/install/q_learning_project:/home/hanimn/intro_robo_ws/install/particle_filter_project:/home/hanimn/intro_robo_ws/install/lab_f_image_classifier:/home/hanimn/intro_robo_ws/install/lab_e_traffic_bot:/home/hanimn/intro_robo_ws/install/lab_b_line_follower:/home/hanimn/intro_robo_ws/install/lab_a_stop_at_wall:/home/hanimn/intro_robo_ws/install/lab_a_spin_circles:/home/hanimn/intro_robo_ws/install/first_ros2_nodes:/home/hanimn/intro_robo_ws/install/DefendAgentAttack:/opt/ros/humble /usr/bin/cmake /home/hanimn/intro_robo_ws/src/Final_DefendAgentAttack/ws/src/attackdefend_interfaces -DAMENT_CMAKE_SYMLINK_INSTALL=1 -DCMAKE_INSTALL_PREFIX=/home/hanimn/intro_robo_ws/src/Final_DefendAgentAttack/ws/install/attackdefend_interfaces
[7.242s] DEBUG:colcon.colcon_core.event_handler.log_command:Invoking command in '/home/hanimn/intro_robo_ws/src/Final_DefendAgentAttack/ws/build/attackdefend_interfaces': CMAKE_PREFIX_PATH=${CMAKE_PREFIX_PATH}:/home/hanimn/intro_robo_ws/src/Final_DefendAgentAttack/ws/install/defendagentattack:/home/hanimn/intro_robo_ws/src/Final_DefendAgentAttack/defendagentattack/install/defendagentattack:/home/hanimn/intro_robo_ws/src/Final_DefendAgentAttack/install/defendagentattack:/home/hanimn/intro_robo_ws/src/Final/install/my_classifier:/home/hanimn/intro_robo_ws/src/install/warmup_project:/home/hanimn/intro_robo_ws/src/install/q_learning_project:/home/hanimn/intro_robo_ws/src/install/particle_filter_project:/home/hanimn/intro_robo_ws/src/install/my_classifier:/home/hanimn/intro_robo_ws/src/install/lab_f_image_classifier:/home/hanimn/intro_robo_ws/src/install/lab_e_traffic_bot:/home/hanimn/intro_robo_ws/src/install/lab_b_line_follower:/home/hanimn/intro_robo_ws/src/install/lab_a_stop_at_wall:/home/hanimn/intro_robo_ws/src/install/lab_a_spin_circles:/home/hanimn/intro_robo_ws/src/install/first_ros2_nodes:/home/hanimn/intro_robo_ws/src/install/defendagentattack:/home/hanimn/intro_robo_ws/install/my_classifier:/home/hanimn/intro_robo_ws/install/defendagentattack:/home/hanimn/intro_robo_ws/install/warmup_project:/home/hanimn/intro_robo_ws/install/q_learning_project:/home/hanimn/intro_robo_ws/install/particle_filter_project:/home/hanimn/intro_robo_ws/install/lab_f_image_classifier:/home/hanimn/intro_robo_ws/install/lab_e_traffic_bot:/home/hanimn/intro_robo_ws/install/lab_b_line_follower:/home/hanimn/intro_robo_ws/install/lab_a_stop_at_wall:/home/hanimn/intro_robo_ws/install/lab_a_spin_circles:/home/hanimn/intro_robo_ws/install/first_ros2_nodes:/home/hanimn/intro_robo_ws/install/DefendAgentAttack:/opt/ros/humble /usr/bin/cmake --build /home/hanimn/intro_robo_ws/src/Final_DefendAgentAttack/ws/build/attackdefend_interfaces -- -j4 -l4
[7.310s] DEBUG:colcon.colcon_core.event_handler.log_command:Invoked command in '/home/hanimn/intro_robo_ws/src/Final_DefendAgentAttack/ws/build/attackdefend_interfaces' returned '0': CMAKE_PREFIX_PATH=${CMAKE_PREFIX_PATH}:/home/hanimn/intro_robo_ws/src/Final_DefendAgentAttack/ws/install/defendagentattack:/home/hanimn/intro_robo_ws/src/Final_DefendAgentAttack/defendagentattack/install/defendagentattack:/home/hanimn/intro_robo_ws/src/Final_DefendAgentAttack/install/defendagentattack:/home/hanimn/intro_robo_ws/src/Final/install/my_classifier:/home/hanimn/intro_robo_ws/src/install/warmup_project:/home/hanimn/intro_robo_ws/src/install/q_learning_project:/home/hanimn/intro_robo_ws/src/install/particle_filter_project:/home/hanimn/intro_robo_ws/src/install/my_classifier:/home/hanimn/intro_robo_ws/src/install/lab_f_image_classifier:/home/hanimn/intro_robo_ws/src/install/lab_e_traffic_bot:/home/hanimn/intro_robo_ws/src/install/lab_b_line_follower:/home/hanimn/intro_robo_ws/src/install/lab_a_stop_at_wall:/home/hanimn/intro_robo_ws/src/install/lab_a_spin_circles:/home/hanimn/intro_robo_ws/src/install/first_ros2_nodes:/home/hanimn/intro_robo_ws/src/install/defendagentattack:/home/hanimn/intro_robo_ws/install/my_classifier:/home/hanimn/intro_robo_ws/install/defendagentattack:/home/hanimn/intro_robo_ws/install/warmup_project:/home/hanimn/intro_robo_ws/install/q_learning_project:/home/hanimn/intro_robo_ws/install/particle_filter_project:/home/hanimn/intro_robo_ws/install/lab_f_image_classifier:/home/hanimn/intro_robo_ws/install/lab_e_traffic_bot:/home/hanimn/intro_robo_ws/install/lab_b_line_follower:/home/hanimn/intro_robo_ws/install/lab_a_stop_at_wall:/home/hanimn/intro_robo_ws/install/lab_a_spin_circles:/home/hanimn/intro_robo_ws/install/first_ros2_nodes:/home/hanimn/intro_robo_ws/install/DefendAgentAttack:/opt/ros/humble /usr/bin/cmake --build /home/hanimn/intro_robo_ws/src/Final_DefendAgentAttack/ws/build/attackdefend_interfaces -- -j4 -l4
[7.333s] DEBUG:colcon.colcon_core.event_handler.log_command:Invoking command in '/home/hanimn/intro_robo_ws/src/Final_DefendAgentAttack/ws/build/attackdefend_interfaces': CMAKE_PREFIX_PATH=${CMAKE_PREFIX_PATH}:/home/hanimn/intro_robo_ws/src/Final_DefendAgentAttack/ws/install/defendagentattack:/home/hanimn/intro_robo_ws/src/Final_DefendAgentAttack/defendagentattack/install/defendagentattack:/home/hanimn/intro_robo_ws/src/Final_DefendAgentAttack/install/defendagentattack:/home/hanimn/intro_robo_ws/src/Final/install/my_classifier:/home/hanimn/intro_robo_ws/src/install/warmup_project:/home/hanimn/intro_robo_ws/src/install/q_learning_project:/home/hanimn/intro_robo_ws/src/install/particle_filter_project:/home/hanimn/intro_robo_ws/src/install/my_classifier:/home/hanimn/intro_robo_ws/src/install/lab_f_image_classifier:/home/hanimn/intro_robo_ws/src/install/lab_e_traffic_bot:/home/hanimn/intro_robo_ws/src/install/lab_b_line_follower:/home/hanimn/intro_robo_ws/src/install/lab_a_stop_at_wall:/home/hanimn/intro_robo_ws/src/install/lab_a_spin_circles:/home/hanimn/intro_robo_ws/src/install/first_ros2_nodes:/home/hanimn/intro_robo_ws/src/install/defendagentattack:/home/hanimn/intro_robo_ws/install/my_classifier:/home/hanimn/intro_robo_ws/install/defendagentattack:/home/hanimn/intro_robo_ws/install/warmup_project:/home/hanimn/intro_robo_ws/install/q_learning_project:/home/hanimn/intro_robo_ws/install/particle_filter_project:/home/hanimn/intro_robo_ws/install/lab_f_image_classifier:/home/hanimn/intro_robo_ws/install/lab_e_traffic_bot:/home/hanimn/intro_robo_ws/install/lab_b_line_follower:/home/hanimn/intro_robo_ws/install/lab_a_stop_at_wall:/home/hanimn/intro_robo_ws/install/lab_a_spin_circles:/home/hanimn/intro_robo_ws/install/first_ros2_nodes:/home/hanimn/intro_robo_ws/install/DefendAgentAttack:/opt/ros/humble /usr/bin/cmake --install /home/hanimn/intro_robo_ws/src/Final_DefendAgentAttack/ws/build/attackdefend_interfaces
[7.626s] Level 1:colcon.colcon_core.environment:create_environment_scripts_only(attackdefend_interfaces)
[7.626s] Level 1:colcon.colcon_core.environment:checking '/home/hanimn/intro_robo_ws/src/Final_DefendAgentAttack/ws/install/attackdefend_interfaces' for CMake module files
[7.627s] DEBUG:colcon.colcon_core.event_handler.log_command:Invoked command in '/home/hanimn/intro_robo_ws/src/Final_DefendAgentAttack/ws/build/attackdefend_interfaces' returned '0': CMAKE_PREFIX_PATH=${CMAKE_PREFIX_PATH}:/home/hanimn/intro_robo_ws/src/Final_DefendAgentAttack/ws/install/defendagentattack:/home/hanimn/intro_robo_ws/src/Final_DefendAgentAttack/defendagentattack/install/defendagentattack:/home/hanimn/intro_robo_ws/src/Final_DefendAgentAttack/install/defendagentattack:/home/hanimn/intro_robo_ws/src/Final/install/my_classifier:/home/hanimn/intro_robo_ws/src/install/warmup_project:/home/hanimn/intro_robo_ws/src/install/q_learning_project:/home/hanimn/intro_robo_ws/src/install/particle_filter_project:/home/hanimn/intro_robo_ws/src/install/my_classifier:/home/hanimn/intro_robo_ws/src/install/lab_f_image_classifier:/home/hanimn/intro_robo_ws/src/install/lab_e_traffic_bot:/home/hanimn/intro_robo_ws/src/install/lab_b_line_follower:/home/hanimn/intro_robo_ws/src/install/lab_a_stop_at_wall:/home/hanimn/intro_robo_ws/src/install/lab_a_spin_circles:/home/hanimn/intro_robo_ws/src/install/first_ros2_nodes:/home/hanimn/intro_robo_ws/src/install/defendagentattack:/home/hanimn/intro_robo_ws/install/my_classifier:/home/hanimn/intro_robo_ws/install/defendagentattack:/home/hanimn/intro_robo_ws/install/warmup_project:/home/hanimn/intro_robo_ws/install/q_learning_project:/home/hanimn/intro_robo_ws/install/particle_filter_project:/home/hanimn/intro_robo_ws/install/lab_f_image_classifier:/home/hanimn/intro_robo_ws/install/lab_e_traffic_bot:/home/hanimn/intro_robo_ws/install/lab_b_line_follower:/home/hanimn/intro_robo_ws/install/lab_a_stop_at_wall:/home/hanimn/intro_robo_ws/install/lab_a_spin_circles:/home/hanimn/intro_robo_ws/install/first_ros2_nodes:/home/hanimn/intro_robo_ws/install/DefendAgentAttack:/opt/ros/humble /usr/bin/cmake --install /home/hanimn/intro_robo_ws/src/Final_DefendAgentAttack/ws/build/attackdefend_interfaces
[7.631s] Level 1:colcon.colcon_core.environment:checking '/home/hanimn/intro_robo_ws/src/Final_DefendAgentAttack/ws/install/attackdefend_interfaces' for CMake config files
[7.634s] Level 1:colcon.colcon_core.shell:create_environment_hook('attackdefend_interfaces', 'cmake_prefix_path')
[7.635s] INFO:colcon.colcon_core.shell:Creating environment hook '/home/hanimn/intro_robo_ws/src/Final_DefendAgentAttack/ws/install/attackdefend_interfaces/share/attackdefend_interfaces/hook/cmake_prefix_path.ps1'
[7.640s] INFO:colcon.colcon_core.shell:Creating environment descriptor '/home/hanimn/intro_robo_ws/src/Final_DefendAgentAttack/ws/install/attackdefend_interfaces/share/attackdefend_interfaces/hook/cmake_prefix_path.dsv'
[7.646s] INFO:colcon.colcon_core.shell:Creating environment hook '/home/hanimn/intro_robo_ws/src/Final_DefendAgentAttack/ws/install/attackdefend_interfaces/share/attackdefend_interfaces/hook/cmake_prefix_path.sh'
[7.651s] Level 1:colcon.colcon_core.environment:checking '/home/hanimn/intro_robo_ws/src/Final_DefendAgentAttack/ws/install/attackdefend_interfaces/bin'
[7.652s] Level 1:colcon.colcon_core.environment:checking '/home/hanimn/intro_robo_ws/src/Final_DefendAgentAttack/ws/install/attackdefend_interfaces/lib/pkgconfig/attackdefend_interfaces.pc'
[7.652s] Level 1:colcon.colcon_core.environment:checking '/home/hanimn/intro_robo_ws/src/Final_DefendAgentAttack/ws/install/attackdefend_interfaces/lib/python3.10/site-packages'
[7.652s] Level 1:colcon.colcon_core.environment:checking '/home/hanimn/intro_robo_ws/src/Final_DefendAgentAttack/ws/install/attackdefend_interfaces/bin'
[7.653s] INFO:colcon.colcon_core.shell:Creating package script '/home/hanimn/intro_robo_ws/src/Final_DefendAgentAttack/ws/install/attackdefend_interfaces/share/attackdefend_interfaces/package.ps1'
[7.659s] INFO:colcon.colcon_core.shell:Creating package descriptor '/home/hanimn/intro_robo_ws/src/Final_DefendAgentAttack/ws/install/attackdefend_interfaces/share/attackdefend_interfaces/package.dsv'
[7.664s] INFO:colcon.colcon_core.shell:Creating package script '/home/hanimn/intro_robo_ws/src/Final_DefendAgentAttack/ws/install/attackdefend_interfaces/share/attackdefend_interfaces/package.sh'
[7.669s] INFO:colcon.colcon_core.shell:Creating package script '/home/hanimn/intro_robo_ws/src/Final_DefendAgentAttack/ws/install/attackdefend_interfaces/share/attackdefend_interfaces/package.bash'
[7.674s] INFO:colcon.colcon_core.shell:Creating package script '/home/hanimn/intro_robo_ws/src/Final_DefendAgentAttack/ws/install/attackdefend_interfaces/share/attackdefend_interfaces/package.zsh'
[7.678s] Level 1:colcon.colcon_core.environment:create_file_with_runtime_dependencies(/home/hanimn/intro_robo_ws/src/Final_DefendAgentAttack/ws/install/attackdefend_interfaces/share/colcon-core/packages/attackdefend_interfaces)
[7.686s] Level 1:colcon.colcon_core.environment:create_environment_scripts_only(attackdefend_interfaces)
[7.686s] Level 1:colcon.colcon_core.environment:checking '/home/hanimn/intro_robo_ws/src/Final_DefendAgentAttack/ws/install/attackdefend_interfaces' for CMake module files
[7.688s] Level 1:colcon.colcon_core.environment:checking '/home/hanimn/intro_robo_ws/src/Final_DefendAgentAttack/ws/install/attackdefend_interfaces' for CMake config files
[7.691s] Level 1:colcon.colcon_core.shell:create_environment_hook('attackdefend_interfaces', 'cmake_prefix_path')
[7.691s] INFO:colcon.colcon_core.shell:Creating environment hook '/home/hanimn/intro_robo_ws/src/Final_DefendAgentAttack/ws/install/attackdefend_interfaces/share/attackdefend_interfaces/hook/cmake_prefix_path.ps1'
[7.695s] INFO:colcon.colcon_core.shell:Creating environment descriptor '/home/hanimn/intro_robo_ws/src/Final_DefendAgentAttack/ws/install/attackdefend_interfaces/share/attackdefend_interfaces/hook/cmake_prefix_path.dsv'
[7.700s] INFO:colcon.colcon_core.shell:Creating environment hook '/home/hanimn/intro_robo_ws/src/Final_DefendAgentAttack/ws/install/attackdefend_interfaces/share/attackdefend_interfaces/hook/cmake_prefix_path.sh'
[7.705s] Level 1:colcon.colcon_core.environment:checking '/home/hanimn/intro_robo_ws/src/Final_DefendAgentAttack/ws/install/attackdefend_interfaces/bin'
[7.705s] Level 1:colcon.colcon_core.environment:checking '/home/hanimn/intro_robo_ws/src/Final_DefendAgentAttack/ws/install/attackdefend_interfaces/lib/pkgconfig/attackdefend_interfaces.pc'
[7.705s] Level 1:colcon.colcon_core.environment:checking '/home/hanimn/intro_robo_ws/src/Final_DefendAgentAttack/ws/install/attackdefend_interfaces/lib/python3.10/site-packages'
[7.706s] Level 1:colcon.colcon_core.environment:checking '/home/hanimn/intro_robo_ws/src/Final_DefendAgentAttack/ws/install/attackdefend_interfaces/bin'
[7.706s] INFO:colcon.colcon_core.shell:Creating package script '/home/hanimn/intro_robo_ws/src/Final_DefendAgentAttack/ws/install/attackdefend_interfaces/share/attackdefend_interfaces/package.ps1'
[7.710s] INFO:colcon.colcon_core.shell:Creating package descriptor '/home/hanimn/intro_robo_ws/src/Final_DefendAgentAttack/ws/install/attackdefend_interfaces/share/attackdefend_interfaces/package.dsv'
[7.715s] INFO:colcon.colcon_core.shell:Creating package script '/home/hanimn/intro_robo_ws/src/Final_DefendAgentAttack/ws/install/attackdefend_interfaces/share/attackdefend_interfaces/package.sh'
[7.720s] INFO:colcon.colcon_core.shell:Creating package script '/home/hanimn/intro_robo_ws/src/Final_DefendAgentAttack/ws/install/attackdefend_interfaces/share/attackdefend_interfaces/package.bash'
[7.724s] INFO:colcon.colcon_core.shell:Creating package script '/home/hanimn/intro_robo_ws/src/Final_DefendAgentAttack/ws/install/attackdefend_interfaces/share/attackdefend_interfaces/package.zsh'
[7.729s] Level 1:colcon.colcon_core.environment:create_file_with_runtime_dependencies(/home/hanimn/intro_robo_ws/src/Final_DefendAgentAttack/ws/install/attackdefend_interfaces/share/colcon-core/packages/attackdefend_interfaces)
[7.731s] DEBUG:colcon.colcon_parallel_executor.executor.parallel:closing loop
[7.731s] DEBUG:colcon.colcon_parallel_executor.executor.parallel:loop closed
[7.732s] DEBUG:colcon.colcon_parallel_executor.executor.parallel:run_until_complete finished with '0'
[7.732s] DEBUG:colcon.colcon_core.event_reactor:joining thread
[7.752s] INFO:colcon.colcon_core.plugin_system:Skipping extension 'colcon_notification.desktop_notification.terminal_notifier': Not used on non-Darwin systems
[7.753s] INFO:colcon.colcon_core.plugin_system:Skipping extension 'colcon_notification.desktop_notification.win32': Not used on non-Windows systems
[7.753s] INFO:colcon.colcon_notification.desktop_notification:Sending desktop notification using 'notify2'
[8.083s] DEBUG:colcon.colcon_core.event_reactor:joined thread
[8.083s] INFO:colcon.colcon_core.shell:Creating prefix script '/home/hanimn/intro_robo_ws/src/Final_DefendAgentAttack/ws/install/local_setup.ps1'
[8.089s] INFO:colcon.colcon_core.shell:Creating prefix util module '/home/hanimn/intro_robo_ws/src/Final_DefendAgentAttack/ws/install/_local_setup_util_ps1.py'
[8.095s] INFO:colcon.colcon_core.shell:Creating prefix chain script '/home/hanimn/intro_robo_ws/src/Final_DefendAgentAttack/ws/install/setup.ps1'
[8.123s] INFO:colcon.colcon_core.shell:Creating prefix script '/home/hanimn/intro_robo_ws/src/Final_DefendAgentAttack/ws/install/local_setup.sh'
[8.129s] INFO:colcon.colcon_core.shell:Creating prefix util module '/home/hanimn/intro_robo_ws/src/Final_DefendAgentAttack/ws/install/_local_setup_util_sh.py'
[8.135s] INFO:colcon.colcon_core.shell:Creating prefix chain script '/home/hanimn/intro_robo_ws/src/Final_DefendAgentAttack/ws/install/setup.sh'
[8.160s] INFO:colcon.colcon_core.shell:Creating prefix script '/home/hanimn/intro_robo_ws/src/Final_DefendAgentAttack/ws/install/local_setup.bash'
[8.165s] INFO:colcon.colcon_core.shell:Creating prefix chain script '/home/hanimn/intro_robo_ws/src/Final_DefendAgentAttack/ws/install/setup.bash'
[8.194s] INFO:colcon.colcon_core.shell:Creating prefix script '/home/hanimn/intro_robo_ws/src/Final_DefendAgentAttack/ws/install/local_setup.zsh'
[8.201s] INFO:colcon.colcon_core.shell:Creating prefix chain script '/home/hanimn/intro_robo_ws/src/Final_DefendAgentAttack/ws/install/setup.zsh'
